// Jest Snapshot v1, https://goo.gl/fbAQLP

exports[`COMMIT 8: Reporting - Text + GitHub Formatters Snapshot tests - Deterministic output compact format snapshot 1`] = `
"❌ security/no-secrets @ .github/workflows/ci.yml:10 - Hardcoded secret detected
❌ workflow/invalid-syntax @ .github/workflows/test.yml:20 - Invalid YAML syntax
⚠️ security/outdated-action @ .github/workflows/deploy.yml:15 - Action uses outdated version
"
`;

exports[`COMMIT 8: Reporting - Text + GitHub Formatters Snapshot tests - Deterministic output github format snapshot 1`] = `
"::error file=.github/workflows/ci.yml,line=10,col=5::[security/no-secrets] Hardcoded secret detected (Hint: Use environment variables or secrets)
::error file=.github/workflows/test.yml,line=20,col=1::[workflow/invalid-syntax] Invalid YAML syntax
::warning file=.github/workflows/deploy.yml,line=15,col=3::[security/outdated-action] Action uses outdated version
"
`;

exports[`COMMIT 8: Reporting - Text + GitHub Formatters Snapshot tests - Deterministic output github-group format snapshot 1`] = `
"::group::🛡️ Cerber Validation Results
Found 3 violation(s):

::error file=.github/workflows/ci.yml,line=10,col=5::security/no-secrets: Hardcoded secret detected
::error file=.github/workflows/test.yml,line=20,col=1::workflow/invalid-syntax: Invalid YAML syntax
::warning file=.github/workflows/deploy.yml,line=15,col=3::security/outdated-action: Action uses outdated version
::endgroup::
"
`;

exports[`COMMIT 8: Reporting - Text + GitHub Formatters Snapshot tests - Deterministic output github-summary format snapshot 1`] = `
"## 🛡️ Cerber Validation Summary

- **Total:** 3
- **Errors:** 2
- **Warnings:** 1
- **Info:** 0

❌ 2 error(s) found
"
`;

exports[`COMMIT 8: Reporting - Text + GitHub Formatters Snapshot tests - Deterministic output table format snapshot 1`] = `
"
| Severity | Tool | Rule | File | Line | Message |
|----------|------|------|------|------|----------|
| error | gitleaks | security/no-secrets | .github/workflows/ci.yml | 10 | Hardcoded secret detected |
| error | actionlint | workflow/invalid-syntax | .github/workflows/test.yml | 20 | Invalid YAML syntax |
| warning | zizmor | security/outdated-action | .github/workflows/deploy.yml | 15 | Action uses outdated version |

"
`;

exports[`COMMIT 8: Reporting - Text + GitHub Formatters Snapshot tests - Deterministic output text format snapshot 1`] = `
"
🛡️  CERBER VALIDATION REPORT
═══════════════════════════════════════

Profile:        dev
Target:         github-actions
Tools:          actionlint (1.6.27), gitleaks (8.18.0), zizmor (0.5.0)

📊 Summary:
   Total:       3
   Errors:      2
   Warnings:    1
   Info:        0

❌ Violations (3):
───────────────────────────────────────

❌ [gitleaks] security/no-secrets
   📍 .github/workflows/ci.yml:10:5
   📝 Hardcoded secret detected
   💡 Hint: Use environment variables or secrets

❌ [actionlint] workflow/invalid-syntax
   📍 .github/workflows/test.yml:20:1
   📝 Invalid YAML syntax

⚠️  [zizmor] security/outdated-action
   📍 .github/workflows/deploy.yml:15:3
   📝 Action uses outdated version

═══════════════════════════════════════
Generated: 2026-01-12T10:00:00Z
Duration:  1234ms

"
`;
